### geometric touching, shared boundary >= 1.0 m (v3: deduped nodes, no hall): plans 17107
 n rooms q10/25/50/75/90: [6, 6, 6, 8, 9]  mean 6.87  plans with a hall node: 0.0
 m edges q: [5, 6, 8, 9, 11]  mean 7.79
 density q: [0.244, 0.333, 0.4, 0.5, 0.533]
 max degree q: [3, 3, 4, 5, 6]  hub role: [('living', 16460), ('bedroom', 560), ('kitchen', 50), ('bathroom', 36)]
 planar: 0.999  connected: 0.8452
 has K4: 0.0163  has lens3: 0.0139  K4 or lens3 (provably NOT rectangular-realizable): 0.0196
 K4 role patterns: [(('bathroom', 'bedroom', 'kitchen', 'living'), 112), (('bathroom', 'bathroom', 'bedroom', 'living'), 90), (('bathroom', 'bedroom', 'living', 'storage'), 39), (('bathroom', 'bathroom', 'bathroom', 'bedroom'), 31), (('bathroom', 'bathroom', 'bathroom', 'living'), 20), (('bathroom', 'bathroom', 'bedroom', 'bedroom'), 19)]
 lens3 edge roles: [(('bedroom', 'living'), 130), (('bathroom', 'living'), 103), (('bathroom', 'bathroom'), 82), (('bathroom', 'bedroom'), 36), (('kitchen', 'living'), 29), (('living', 'storage'), 12)]
 cycle rank q: [0, 1, 2, 3, 4]  tree-like: 0.1313
 m > 3n-7: 0.0002
 degree distribution (share of rooms): [(0, 0.043), (1, 0.199), (2, 0.416), (3, 0.217), (4, 0.071), (5, 0.035), (6, 0.013), (7, 0.005)]
 obstructed plans: 336; share with a NON-RECTANGULAR real room (fill<0.85) among the obstruction rooms: 0.946  (any indoor room non-rect, all plans: 0.979)
 obstruction-room roles: [('bathroom', 619), ('bedroom', 482), ('living', 312), ('kitchen', 184), ('storage', 93)]
 living-room shape: share of plans whose living is non-rect (fill<0.85): 0.972
### geometric touching, shared boundary >= 1.5 m (v3: deduped nodes, no hall): plans 17107
 n rooms q10/25/50/75/90: [6, 6, 6, 8, 9]  mean 6.87  plans with a hall node: 0.0
 m edges q: [3, 4, 5, 7, 8]  mean 5.56
 density q: [0.133, 0.2, 0.286, 0.4, 0.467]
 max degree q: [2, 3, 3, 4, 5]  hub role: [('living', 16473), ('bedroom', 522), ('kitchen', 78), ('bathroom', 33)]
 planar: 0.9999  connected: 0.4558
 has K4: 0.0042  has lens3: 0.0033  K4 or lens3 (provably NOT rectangular-realizable): 0.0046
 K4 role patterns: [(('bathroom', 'bathroom', 'bedroom', 'living'), 27), (('bathroom', 'bedroom', 'kitchen', 'living'), 24), (('bathroom', 'bedroom', 'living', 'storage'), 21), (('bathroom', 'bathroom', 'bathroom', 'living'), 4), (('bathroom', 'kitchen', 'living', 'storage'), 3), (('bathroom', 'bathroom', 'bathroom', 'bedroom'), 2)]
 lens3 edge roles: [(('bedroom', 'living'), 36), (('bathroom', 'living'), 31), (('bathroom', 'storage'), 9), (('kitchen', 'living'), 9), (('bathroom', 'bathroom'), 8), (('living', 'storage'), 8)]
 cycle rank q: [0, 0, 0, 1, 2]  tree-like: 0.53
 m > 3n-7: 0.0
 degree distribution (share of rooms): [(0, 0.151), (1, 0.362), (2, 0.314), (3, 0.104), (4, 0.044), (5, 0.018), (6, 0.005)]
 obstructed plans: 79; share with a NON-RECTANGULAR real room (fill<0.85) among the obstruction rooms: 0.987  (any indoor room non-rect, all plans: 0.979)
 obstruction-room roles: [('bathroom', 144), ('bedroom', 112), ('living', 78), ('kitchen', 41), ('storage', 25)]
 living-room shape: share of plans whose living is non-rect (fill<0.85): 0.972
0 {'band + 1 L-room': 1} 0.0 s
100 {'band + 1 L-room': 2, 'band (GridWing full)': 99} 4.3 s
200 {'band + 1 L-room': 3, 'band (GridWing full)': 198} 4.6 s
300 {'band + 1 L-room': 5, 'band (GridWing full)': 296} 338.3 s
400 {'band + 1 L-room': 6, 'band (GridWing full)': 395} 340.7 s
500 {'band + 1 L-room': 7, 'band (GridWing full)': 494} 341.0 s
600 {'band + 1 L-room': 10, 'band (GridWing full)': 591} 341.2 s
700 {'band + 1 L-room': 14, 'band (GridWing full)': 687} 342.1 s
### SAMPLE N=800 (>=1.0 m, v3) levels: {'band + 1 L-room': 17, 'band (GridWing full)': 782, 'non-planar (spurious edges)': 1}
